------------------------------------------------------------
Timing Analyzer Summary
------------------------------------------------------------

Type  : Slow 1200mV 85C Model Setup 'calculator4bits:calculette|hdmi_de10:hdmi_out0|clk_25'
Slack : -22.817
TNS   : -151.935

Type  : Slow 1200mV 85C Model Setup 'buzzer:buz|clock_2'
Slack : -12.546
TNS   : -1130.042

Type  : Slow 1200mV 85C Model Setup 'clk50'
Slack : -5.943
TNS   : -596.168

Type  : Slow 1200mV 85C Model Setup 'calculator4bits:calculette|CLA:CLA0|clk12'
Slack : -5.171
TNS   : -221.270

Type  : Slow 1200mV 85C Model Setup 'calculator4bits:calculette|CLA:CLA0|clk25'
Slack : -0.612
TNS   : -0.612

Type  : Slow 1200mV 85C Model Hold 'buzzer:buz|clock_2'
Slack : 0.329
TNS   : 0.000

Type  : Slow 1200mV 85C Model Hold 'clk50'
Slack : 0.330
TNS   : 0.000

Type  : Slow 1200mV 85C Model Hold 'calculator4bits:calculette|CLA:CLA0|clk12'
Slack : 0.347
TNS   : 0.000

Type  : Slow 1200mV 85C Model Hold 'calculator4bits:calculette|hdmi_de10:hdmi_out0|clk_25'
Slack : 0.425
TNS   : 0.000

Type  : Slow 1200mV 85C Model Hold 'calculator4bits:calculette|CLA:CLA0|clk25'
Slack : 0.583
TNS   : 0.000

Type  : Slow 1200mV 85C Model Minimum Pulse Width 'clk50'
Slack : -3.000
TNS   : -227.480

Type  : Slow 1200mV 85C Model Minimum Pulse Width 'buzzer:buz|clock_2'
Slack : -1.403
TNS   : -138.897

Type  : Slow 1200mV 85C Model Minimum Pulse Width 'calculator4bits:calculette|CLA:CLA0|clk12'
Slack : -1.403
TNS   : -64.538

Type  : Slow 1200mV 85C Model Minimum Pulse Width 'calculator4bits:calculette|hdmi_de10:hdmi_out0|clk_25'
Slack : -1.403
TNS   : -58.926

Type  : Slow 1200mV 85C Model Minimum Pulse Width 'calculator4bits:calculette|CLA:CLA0|clk25'
Slack : -1.403
TNS   : -1.403

Type  : Slow 1200mV 0C Model Setup 'calculator4bits:calculette|hdmi_de10:hdmi_out0|clk_25'
Slack : -20.820
TNS   : -135.982

Type  : Slow 1200mV 0C Model Setup 'buzzer:buz|clock_2'
Slack : -11.410
TNS   : -1028.416

Type  : Slow 1200mV 0C Model Setup 'clk50'
Slack : -5.354
TNS   : -538.643

Type  : Slow 1200mV 0C Model Setup 'calculator4bits:calculette|CLA:CLA0|clk12'
Slack : -4.720
TNS   : -201.660

Type  : Slow 1200mV 0C Model Setup 'calculator4bits:calculette|CLA:CLA0|clk25'
Slack : -0.524
TNS   : -0.524

Type  : Slow 1200mV 0C Model Hold 'buzzer:buz|clock_2'
Slack : 0.295
TNS   : 0.000

Type  : Slow 1200mV 0C Model Hold 'clk50'
Slack : 0.295
TNS   : 0.000

Type  : Slow 1200mV 0C Model Hold 'calculator4bits:calculette|CLA:CLA0|clk12'
Slack : 0.312
TNS   : 0.000

Type  : Slow 1200mV 0C Model Hold 'calculator4bits:calculette|hdmi_de10:hdmi_out0|clk_25'
Slack : 0.391
TNS   : 0.000

Type  : Slow 1200mV 0C Model Hold 'calculator4bits:calculette|CLA:CLA0|clk25'
Slack : 0.528
TNS   : 0.000

Type  : Slow 1200mV 0C Model Minimum Pulse Width 'clk50'
Slack : -3.000
TNS   : -227.480

Type  : Slow 1200mV 0C Model Minimum Pulse Width 'buzzer:buz|clock_2'
Slack : -1.403
TNS   : -138.897

Type  : Slow 1200mV 0C Model Minimum Pulse Width 'calculator4bits:calculette|CLA:CLA0|clk12'
Slack : -1.403
TNS   : -64.538

Type  : Slow 1200mV 0C Model Minimum Pulse Width 'calculator4bits:calculette|hdmi_de10:hdmi_out0|clk_25'
Slack : -1.403
TNS   : -58.926

Type  : Slow 1200mV 0C Model Minimum Pulse Width 'calculator4bits:calculette|CLA:CLA0|clk25'
Slack : -1.403
TNS   : -1.403

Type  : Fast 1200mV 0C Model Setup 'calculator4bits:calculette|hdmi_de10:hdmi_out0|clk_25'
Slack : -8.679
TNS   : -45.370

Type  : Fast 1200mV 0C Model Setup 'buzzer:buz|clock_2'
Slack : -4.577
TNS   : -409.366

Type  : Fast 1200mV 0C Model Setup 'clk50'
Slack : -1.899
TNS   : -166.486

Type  : Fast 1200mV 0C Model Setup 'calculator4bits:calculette|CLA:CLA0|clk12'
Slack : -1.690
TNS   : -69.854

Type  : Fast 1200mV 0C Model Setup 'calculator4bits:calculette|CLA:CLA0|clk25'
Slack : 0.075
TNS   : 0.000

Type  : Fast 1200mV 0C Model Hold 'buzzer:buz|clock_2'
Slack : 0.144
TNS   : 0.000

Type  : Fast 1200mV 0C Model Hold 'clk50'
Slack : 0.145
TNS   : 0.000

Type  : Fast 1200mV 0C Model Hold 'calculator4bits:calculette|CLA:CLA0|clk12'
Slack : 0.151
TNS   : 0.000

Type  : Fast 1200mV 0C Model Hold 'calculator4bits:calculette|hdmi_de10:hdmi_out0|clk_25'
Slack : 0.158
TNS   : 0.000

Type  : Fast 1200mV 0C Model Hold 'calculator4bits:calculette|CLA:CLA0|clk25'
Slack : 0.202
TNS   : 0.000

Type  : Fast 1200mV 0C Model Minimum Pulse Width 'clk50'
Slack : -3.000
TNS   : -190.334

Type  : Fast 1200mV 0C Model Minimum Pulse Width 'buzzer:buz|clock_2'
Slack : -1.000
TNS   : -99.000

Type  : Fast 1200mV 0C Model Minimum Pulse Width 'calculator4bits:calculette|CLA:CLA0|clk12'
Slack : -1.000
TNS   : -46.000

Type  : Fast 1200mV 0C Model Minimum Pulse Width 'calculator4bits:calculette|hdmi_de10:hdmi_out0|clk_25'
Slack : -1.000
TNS   : -42.000

Type  : Fast 1200mV 0C Model Minimum Pulse Width 'calculator4bits:calculette|CLA:CLA0|clk25'
Slack : -1.000
TNS   : -1.000

------------------------------------------------------------
