------------------------------------------------------------
Timing Analyzer Summary
------------------------------------------------------------

Type  : Slow 1200mV 85C Model Setup 'calculator4bits:calculette|hdmi_de10:hdmi_out0|clk_25'
Slack : -22.409
TNS   : -139.323

Type  : Slow 1200mV 85C Model Setup 'buzzer:buz|clock_2'
Slack : -12.344
TNS   : -1120.778

Type  : Slow 1200mV 85C Model Setup 'clk50'
Slack : -6.183
TNS   : -606.535

Type  : Slow 1200mV 85C Model Setup 'calculator4bits:calculette|CLA:CLA0|clk12'
Slack : -4.799
TNS   : -193.226

Type  : Slow 1200mV 85C Model Setup 'calculator4bits:calculette|CLA:CLA0|clk25'
Slack : -0.401
TNS   : -0.401

Type  : Slow 1200mV 85C Model Hold 'buzzer:buz|clock_2'
Slack : 0.328
TNS   : 0.000

Type  : Slow 1200mV 85C Model Hold 'calculator4bits:calculette|CLA:CLA0|clk12'
Slack : 0.329
TNS   : 0.000

Type  : Slow 1200mV 85C Model Hold 'clk50'
Slack : 0.331
TNS   : 0.000

Type  : Slow 1200mV 85C Model Hold 'calculator4bits:calculette|hdmi_de10:hdmi_out0|clk_25'
Slack : 0.419
TNS   : 0.000

Type  : Slow 1200mV 85C Model Hold 'calculator4bits:calculette|CLA:CLA0|clk25'
Slack : 0.547
TNS   : 0.000

Type  : Slow 1200mV 85C Model Minimum Pulse Width 'clk50'
Slack : -3.000
TNS   : -227.480

Type  : Slow 1200mV 85C Model Minimum Pulse Width 'buzzer:buz|clock_2'
Slack : -1.403
TNS   : -138.897

Type  : Slow 1200mV 85C Model Minimum Pulse Width 'calculator4bits:calculette|CLA:CLA0|clk12'
Slack : -1.403
TNS   : -64.538

Type  : Slow 1200mV 85C Model Minimum Pulse Width 'calculator4bits:calculette|hdmi_de10:hdmi_out0|clk_25'
Slack : -1.403
TNS   : -58.926

Type  : Slow 1200mV 85C Model Minimum Pulse Width 'calculator4bits:calculette|CLA:CLA0|clk25'
Slack : -1.403
TNS   : -1.403

Type  : Slow 1200mV 0C Model Setup 'calculator4bits:calculette|hdmi_de10:hdmi_out0|clk_25'
Slack : -20.459
TNS   : -124.783

Type  : Slow 1200mV 0C Model Setup 'buzzer:buz|clock_2'
Slack : -11.355
TNS   : -1030.637

Type  : Slow 1200mV 0C Model Setup 'clk50'
Slack : -5.601
TNS   : -547.299

Type  : Slow 1200mV 0C Model Setup 'calculator4bits:calculette|CLA:CLA0|clk12'
Slack : -4.350
TNS   : -174.998

Type  : Slow 1200mV 0C Model Setup 'calculator4bits:calculette|CLA:CLA0|clk25'
Slack : -0.319
TNS   : -0.319

Type  : Slow 1200mV 0C Model Hold 'buzzer:buz|clock_2'
Slack : 0.295
TNS   : 0.000

Type  : Slow 1200mV 0C Model Hold 'calculator4bits:calculette|CLA:CLA0|clk12'
Slack : 0.295
TNS   : 0.000

Type  : Slow 1200mV 0C Model Hold 'clk50'
Slack : 0.297
TNS   : 0.000

Type  : Slow 1200mV 0C Model Hold 'calculator4bits:calculette|hdmi_de10:hdmi_out0|clk_25'
Slack : 0.387
TNS   : 0.000

Type  : Slow 1200mV 0C Model Hold 'calculator4bits:calculette|CLA:CLA0|clk25'
Slack : 0.494
TNS   : 0.000

Type  : Slow 1200mV 0C Model Minimum Pulse Width 'clk50'
Slack : -3.000
TNS   : -227.480

Type  : Slow 1200mV 0C Model Minimum Pulse Width 'buzzer:buz|clock_2'
Slack : -1.403
TNS   : -138.897

Type  : Slow 1200mV 0C Model Minimum Pulse Width 'calculator4bits:calculette|CLA:CLA0|clk12'
Slack : -1.403
TNS   : -64.538

Type  : Slow 1200mV 0C Model Minimum Pulse Width 'calculator4bits:calculette|hdmi_de10:hdmi_out0|clk_25'
Slack : -1.403
TNS   : -58.926

Type  : Slow 1200mV 0C Model Minimum Pulse Width 'calculator4bits:calculette|CLA:CLA0|clk25'
Slack : -1.403
TNS   : -1.403

Type  : Fast 1200mV 0C Model Setup 'calculator4bits:calculette|hdmi_de10:hdmi_out0|clk_25'
Slack : -8.427
TNS   : -39.585

Type  : Fast 1200mV 0C Model Setup 'buzzer:buz|clock_2'
Slack : -4.540
TNS   : -406.504

Type  : Fast 1200mV 0C Model Setup 'clk50'
Slack : -1.981
TNS   : -174.220

Type  : Fast 1200mV 0C Model Setup 'calculator4bits:calculette|CLA:CLA0|clk12'
Slack : -1.558
TNS   : -58.293

Type  : Fast 1200mV 0C Model Setup 'calculator4bits:calculette|CLA:CLA0|clk25'
Slack : 0.167
TNS   : 0.000

Type  : Fast 1200mV 0C Model Hold 'buzzer:buz|clock_2'
Slack : 0.144
TNS   : 0.000

Type  : Fast 1200mV 0C Model Hold 'calculator4bits:calculette|CLA:CLA0|clk12'
Slack : 0.144
TNS   : 0.000

Type  : Fast 1200mV 0C Model Hold 'clk50'
Slack : 0.145
TNS   : 0.000

Type  : Fast 1200mV 0C Model Hold 'calculator4bits:calculette|hdmi_de10:hdmi_out0|clk_25'
Slack : 0.157
TNS   : 0.000

Type  : Fast 1200mV 0C Model Hold 'calculator4bits:calculette|CLA:CLA0|clk25'
Slack : 0.182
TNS   : 0.000

Type  : Fast 1200mV 0C Model Minimum Pulse Width 'clk50'
Slack : -3.000
TNS   : -190.458

Type  : Fast 1200mV 0C Model Minimum Pulse Width 'buzzer:buz|clock_2'
Slack : -1.000
TNS   : -99.000

Type  : Fast 1200mV 0C Model Minimum Pulse Width 'calculator4bits:calculette|CLA:CLA0|clk12'
Slack : -1.000
TNS   : -46.000

Type  : Fast 1200mV 0C Model Minimum Pulse Width 'calculator4bits:calculette|hdmi_de10:hdmi_out0|clk_25'
Slack : -1.000
TNS   : -42.000

Type  : Fast 1200mV 0C Model Minimum Pulse Width 'calculator4bits:calculette|CLA:CLA0|clk25'
Slack : -1.000
TNS   : -1.000

------------------------------------------------------------
