Analysis & Synthesis report for calculette_v3
Thu Sep 23 18:41:03 2021
Quartus Prime Version 18.1.0 Build 625 09/12/2018 SJ Lite Edition


---------------------
; Table of Contents ;
---------------------
  1. Legal Notice
  2. Analysis & Synthesis Summary
  3. Analysis & Synthesis Settings
  4. Parallel Compilation
  5. Analysis & Synthesis Source Files Read
  6. Analysis & Synthesis Resource Usage Summary
  7. Analysis & Synthesis Resource Utilization by Entity
  8. Registers Removed During Synthesis
  9. General Register Statistics
 10. Inverted Register Statistics
 11. Multiplexer Restructuring Statistics (Restructuring Performed)
 12. Parameter Settings for Inferred Entity Instance: result_img:res_img|lpm_divide:Div0
 13. Port Connectivity Checks: "result_img:res_img"
 14. Post-Synthesis Netlist Statistics for Top Partition
 15. Elapsed Time Per Partition
 16. Analysis & Synthesis Messages



----------------
; Legal Notice ;
----------------
Copyright (C) 2018  Intel Corporation. All rights reserved.
Your use of Intel Corporation's design tools, logic functions 
and other software and tools, and its AMPP partner logic 
functions, and any output files from any of the foregoing 
(including device programming or simulation files), and any 
associated documentation or information are expressly subject 
to the terms and conditions of the Intel Program License 
Subscription Agreement, the Intel Quartus Prime License Agreement,
the Intel FPGA IP License Agreement, or other applicable license
agreement, including, without limitation, that your use is for
the sole purpose of programming logic devices manufactured by
Intel and sold by Intel or its authorized distributors.  Please
refer to the applicable agreement for further details.



+----------------------------------------------------------------------------------+
; Analysis & Synthesis Summary                                                     ;
+------------------------------------+---------------------------------------------+
; Analysis & Synthesis Status        ; Successful - Thu Sep 23 18:41:03 2021       ;
; Quartus Prime Version              ; 18.1.0 Build 625 09/12/2018 SJ Lite Edition ;
; Revision Name                      ; calculette_v3                               ;
; Top-level Entity Name              ; hdmi_de10                                   ;
; Family                             ; MAX 10                                      ;
; Total logic elements               ; 719                                         ;
;     Total combinational functions  ; 698                                         ;
;     Dedicated logic registers      ; 50                                          ;
; Total registers                    ; 50                                          ;
; Total pins                         ; 22                                          ;
; Total virtual pins                 ; 0                                           ;
; Total memory bits                  ; 0                                           ;
; Embedded Multiplier 9-bit elements ; 0                                           ;
; Total PLLs                         ; 0                                           ;
; UFM blocks                         ; 0                                           ;
; ADC blocks                         ; 0                                           ;
+------------------------------------+---------------------------------------------+


+------------------------------------------------------------------------------------------------------------+
; Analysis & Synthesis Settings                                                                              ;
+------------------------------------------------------------------+--------------------+--------------------+
; Option                                                           ; Setting            ; Default Value      ;
+------------------------------------------------------------------+--------------------+--------------------+
; Device                                                           ; 10M40DCF484C7G     ;                    ;
; Top-level entity name                                            ; hdmi_de10          ; calculette_v3      ;
; Family name                                                      ; MAX 10             ; Cyclone V          ;
; Type of Retiming Performed During Resynthesis                    ; Full               ;                    ;
; Resynthesis Optimization Effort                                  ; Normal             ;                    ;
; Physical Synthesis Level for Resynthesis                         ; Normal             ;                    ;
; Use Generated Physical Constraints File                          ; On                 ;                    ;
; Use smart compilation                                            ; Off                ; Off                ;
; Enable parallel Assembler and Timing Analyzer during compilation ; On                 ; On                 ;
; Enable compact report table                                      ; Off                ; Off                ;
; Restructure Multiplexers                                         ; Auto               ; Auto               ;
; Create Debugging Nodes for IP Cores                              ; Off                ; Off                ;
; Preserve fewer node names                                        ; On                 ; On                 ;
; Intel FPGA IP Evaluation Mode                                    ; Enable             ; Enable             ;
; Verilog Version                                                  ; Verilog_2001       ; Verilog_2001       ;
; VHDL Version                                                     ; VHDL_1993          ; VHDL_1993          ;
; State Machine Processing                                         ; Auto               ; Auto               ;
; Safe State Machine                                               ; Off                ; Off                ;
; Extract Verilog State Machines                                   ; On                 ; On                 ;
; Extract VHDL State Machines                                      ; On                 ; On                 ;
; Ignore Verilog initial constructs                                ; Off                ; Off                ;
; Iteration limit for constant Verilog loops                       ; 5000               ; 5000               ;
; Iteration limit for non-constant Verilog loops                   ; 250                ; 250                ;
; Add Pass-Through Logic to Inferred RAMs                          ; On                 ; On                 ;
; Infer RAMs from Raw Logic                                        ; On                 ; On                 ;
; Parallel Synthesis                                               ; On                 ; On                 ;
; DSP Block Balancing                                              ; Auto               ; Auto               ;
; NOT Gate Push-Back                                               ; On                 ; On                 ;
; Power-Up Don't Care                                              ; On                 ; On                 ;
; Remove Redundant Logic Cells                                     ; Off                ; Off                ;
; Remove Duplicate Registers                                       ; On                 ; On                 ;
; Ignore CARRY Buffers                                             ; Off                ; Off                ;
; Ignore CASCADE Buffers                                           ; Off                ; Off                ;
; Ignore GLOBAL Buffers                                            ; Off                ; Off                ;
; Ignore ROW GLOBAL Buffers                                        ; Off                ; Off                ;
; Ignore LCELL Buffers                                             ; Off                ; Off                ;
; Ignore SOFT Buffers                                              ; On                 ; On                 ;
; Limit AHDL Integers to 32 Bits                                   ; Off                ; Off                ;
; Optimization Technique                                           ; Balanced           ; Balanced           ;
; Carry Chain Length                                               ; 70                 ; 70                 ;
; Auto Carry Chains                                                ; On                 ; On                 ;
; Auto Open-Drain Pins                                             ; On                 ; On                 ;
; Perform WYSIWYG Primitive Resynthesis                            ; Off                ; Off                ;
; Auto ROM Replacement                                             ; On                 ; On                 ;
; Auto RAM Replacement                                             ; On                 ; On                 ;
; Auto DSP Block Replacement                                       ; On                 ; On                 ;
; Auto Shift Register Replacement                                  ; Auto               ; Auto               ;
; Allow Shift Register Merging across Hierarchies                  ; Auto               ; Auto               ;
; Auto Clock Enable Replacement                                    ; On                 ; On                 ;
; Strict RAM Replacement                                           ; Off                ; Off                ;
; Allow Synchronous Control Signals                                ; On                 ; On                 ;
; Force Use of Synchronous Clear Signals                           ; Off                ; Off                ;
; Auto RAM Block Balancing                                         ; On                 ; On                 ;
; Auto RAM to Logic Cell Conversion                                ; Off                ; Off                ;
; Auto Resource Sharing                                            ; Off                ; Off                ;
; Allow Any RAM Size For Recognition                               ; Off                ; Off                ;
; Allow Any ROM Size For Recognition                               ; Off                ; Off                ;
; Allow Any Shift Register Size For Recognition                    ; Off                ; Off                ;
; Use LogicLock Constraints during Resource Balancing              ; On                 ; On                 ;
; Ignore translate_off and synthesis_off directives                ; Off                ; Off                ;
; Timing-Driven Synthesis                                          ; On                 ; On                 ;
; Report Parameter Settings                                        ; On                 ; On                 ;
; Report Source Assignments                                        ; On                 ; On                 ;
; Report Connectivity Checks                                       ; On                 ; On                 ;
; Ignore Maximum Fan-Out Assignments                               ; Off                ; Off                ;
; Synchronization Register Chain Length                            ; 2                  ; 2                  ;
; Power Optimization During Synthesis                              ; Normal compilation ; Normal compilation ;
; HDL message level                                                ; Level2             ; Level2             ;
; Suppress Register Optimization Related Messages                  ; Off                ; Off                ;
; Number of Removed Registers Reported in Synthesis Report         ; 5000               ; 5000               ;
; Number of Swept Nodes Reported in Synthesis Report               ; 5000               ; 5000               ;
; Number of Inverted Registers Reported in Synthesis Report        ; 100                ; 100                ;
; Clock MUX Protection                                             ; On                 ; On                 ;
; Auto Gated Clock Conversion                                      ; Off                ; Off                ;
; Block Design Naming                                              ; Auto               ; Auto               ;
; SDC constraint protection                                        ; Off                ; Off                ;
; Synthesis Effort                                                 ; Auto               ; Auto               ;
; Shift Register Replacement - Allow Asynchronous Clear Signal     ; On                 ; On                 ;
; Pre-Mapping Resynthesis Optimization                             ; Off                ; Off                ;
; Analysis & Synthesis Message Level                               ; Medium             ; Medium             ;
; Disable Register Merging Across Hierarchies                      ; Auto               ; Auto               ;
; Resource Aware Inference For Block RAM                           ; On                 ; On                 ;
+------------------------------------------------------------------+--------------------+--------------------+


+------------------------------------------+
; Parallel Compilation                     ;
+----------------------------+-------------+
; Processors                 ; Number      ;
+----------------------------+-------------+
; Number detected on machine ; 16          ;
; Maximum allowed            ; 8           ;
;                            ;             ;
; Average used               ; 1.00        ;
; Maximum used               ; 8           ;
;                            ;             ;
; Usage by Processor         ; % Time Used ;
;     Processor 1            ; 100.0%      ;
;     Processors 2-8         ;   0.0%      ;
+----------------------------+-------------+


+----------------------------------------------------------------------------------------------------------------------------------------------------------------------------------------+
; Analysis & Synthesis Source Files Read                                                                                                                                                 ;
+----------------------------------+-----------------+------------------------------+------------------------------------------------------------------------------------------+---------+
; File Name with User-Entered Path ; Used in Netlist ; File Type                    ; File Name with Absolute Path                                                             ; Library ;
+----------------------------------+-----------------+------------------------------+------------------------------------------------------------------------------------------+---------+
; add_4bits.vhd                    ; yes             ; User VHDL File               ; C:/Users/thoma/OneDrive/Documents/VHDL-FPGA/Projet-VHDL/Projet V3/add_4bits.vhd          ;         ;
; multi_4bits.vhd                  ; yes             ; User VHDL File               ; C:/Users/thoma/OneDrive/Documents/VHDL-FPGA/Projet-VHDL/Projet V3/multi_4bits.vhd        ;         ;
; controlAdd.vhd                   ; yes             ; User VHDL File               ; C:/Users/thoma/OneDrive/Documents/VHDL-FPGA/Projet-VHDL/Projet V3/controlAdd.vhd         ;         ;
; controlMulti.vhd                 ; yes             ; User VHDL File               ; C:/Users/thoma/OneDrive/Documents/VHDL-FPGA/Projet-VHDL/Projet V3/controlMulti.vhd       ;         ;
; preCLA.vhd                       ; yes             ; User VHDL File               ; C:/Users/thoma/OneDrive/Documents/VHDL-FPGA/Projet-VHDL/Projet V3/preCLA.vhd             ;         ;
; hdmi.vhd                         ; yes             ; User VHDL File               ; C:/Users/thoma/OneDrive/Documents/VHDL-FPGA/Projet-VHDL/Projet V3/hdmi.vhd               ;         ;
; hdmi_de10.vhd                    ; yes             ; User VHDL File               ; C:/Users/thoma/OneDrive/Documents/VHDL-FPGA/Projet-VHDL/Projet V3/hdmi_de10.vhd          ;         ;
; lpm_divide.tdf                   ; yes             ; Megafunction                 ; d:/intel-fpga-complete/intel-fpga/quartus/libraries/megafunctions/lpm_divide.tdf         ;         ;
; abs_divider.inc                  ; yes             ; Megafunction                 ; d:/intel-fpga-complete/intel-fpga/quartus/libraries/megafunctions/abs_divider.inc        ;         ;
; sign_div_unsign.inc              ; yes             ; Megafunction                 ; d:/intel-fpga-complete/intel-fpga/quartus/libraries/megafunctions/sign_div_unsign.inc    ;         ;
; aglobal181.inc                   ; yes             ; Megafunction                 ; d:/intel-fpga-complete/intel-fpga/quartus/libraries/megafunctions/aglobal181.inc         ;         ;
; db/lpm_divide_fbo.tdf            ; yes             ; Auto-Generated Megafunction  ; C:/Users/thoma/OneDrive/Documents/VHDL-FPGA/Projet-VHDL/Projet V3/db/lpm_divide_fbo.tdf  ;         ;
; db/abs_divider_kbg.tdf           ; yes             ; Auto-Generated Megafunction  ; C:/Users/thoma/OneDrive/Documents/VHDL-FPGA/Projet-VHDL/Projet V3/db/abs_divider_kbg.tdf ;         ;
; db/alt_u_div_she.tdf             ; yes             ; Auto-Generated Megafunction  ; C:/Users/thoma/OneDrive/Documents/VHDL-FPGA/Projet-VHDL/Projet V3/db/alt_u_div_she.tdf   ;         ;
; db/add_sub_t3c.tdf               ; yes             ; Auto-Generated Megafunction  ; C:/Users/thoma/OneDrive/Documents/VHDL-FPGA/Projet-VHDL/Projet V3/db/add_sub_t3c.tdf     ;         ;
; db/add_sub_u3c.tdf               ; yes             ; Auto-Generated Megafunction  ; C:/Users/thoma/OneDrive/Documents/VHDL-FPGA/Projet-VHDL/Projet V3/db/add_sub_u3c.tdf     ;         ;
; db/lpm_abs_o99.tdf               ; yes             ; Auto-Generated Megafunction  ; C:/Users/thoma/OneDrive/Documents/VHDL-FPGA/Projet-VHDL/Projet V3/db/lpm_abs_o99.tdf     ;         ;
; db/lpm_abs_8b9.tdf               ; yes             ; Auto-Generated Megafunction  ; C:/Users/thoma/OneDrive/Documents/VHDL-FPGA/Projet-VHDL/Projet V3/db/lpm_abs_8b9.tdf     ;         ;
+----------------------------------+-----------------+------------------------------+------------------------------------------------------------------------------------------+---------+


+------------------------------------------------------------------------------+
; Analysis & Synthesis Resource Usage Summary                                  ;
+---------------------------------------------+--------------------------------+
; Resource                                    ; Usage                          ;
+---------------------------------------------+--------------------------------+
; Estimated Total logic elements              ; 719                            ;
;                                             ;                                ;
; Total combinational functions               ; 698                            ;
; Logic element usage by number of LUT inputs ;                                ;
;     -- 4 input functions                    ; 163                            ;
;     -- 3 input functions                    ; 193                            ;
;     -- <=2 input functions                  ; 342                            ;
;                                             ;                                ;
; Logic elements by mode                      ;                                ;
;     -- normal mode                          ; 450                            ;
;     -- arithmetic mode                      ; 248                            ;
;                                             ;                                ;
; Total registers                             ; 50                             ;
;     -- Dedicated logic registers            ; 50                             ;
;     -- I/O registers                        ; 0                              ;
;                                             ;                                ;
; I/O pins                                    ; 22                             ;
;                                             ;                                ;
; Embedded Multiplier 9-bit elements          ; 0                              ;
;                                             ;                                ;
; Maximum fan-out node                        ; result_img:res_img|int_res[31] ;
; Maximum fan-out                             ; 72                             ;
; Total fan-out                               ; 2019                           ;
; Average fan-out                             ; 2.55                           ;
+---------------------------------------------+--------------------------------+


+-------------------------------------------------------------------------------------------------------------------------------------------------------------------------------------------------------------------------------------------------------------------------------------------------------------------------------------------------------------+
; Analysis & Synthesis Resource Utilization by Entity                                                                                                                                                                                                                                                                                                         ;
+------------------------------------------+---------------------+---------------------------+-------------+------------+--------------+---------+-----------+------+--------------+------------+----------------------------------------------------------------------------------------------------------------------------+-----------------+--------------+
; Compilation Hierarchy Node               ; Combinational ALUTs ; Dedicated Logic Registers ; Memory Bits ; UFM Blocks ; DSP Elements ; DSP 9x9 ; DSP 18x18 ; Pins ; Virtual Pins ; ADC blocks ; Full Hierarchy Name                                                                                                        ; Entity Name     ; Library Name ;
+------------------------------------------+---------------------+---------------------------+-------------+------------+--------------+---------+-----------+------+--------------+------------+----------------------------------------------------------------------------------------------------------------------------+-----------------+--------------+
; |hdmi_de10                               ; 698 (5)             ; 50 (6)                    ; 0           ; 0          ; 0            ; 0       ; 0         ; 22   ; 0            ; 0          ; |hdmi_de10                                                                                                                 ; hdmi_de10       ; work         ;
;    |result_img:res_img|                  ; 693 (151)           ; 44 (44)                   ; 0           ; 0          ; 0            ; 0       ; 0         ; 0    ; 0            ; 0          ; |hdmi_de10|result_img:res_img                                                                                              ; result_img      ; work         ;
;       |lpm_divide:Div0|                  ; 542 (0)             ; 0 (0)                     ; 0           ; 0          ; 0            ; 0       ; 0         ; 0    ; 0            ; 0          ; |hdmi_de10|result_img:res_img|lpm_divide:Div0                                                                              ; lpm_divide      ; work         ;
;          |lpm_divide_fbo:auto_generated| ; 542 (0)             ; 0 (0)                     ; 0           ; 0          ; 0            ; 0       ; 0         ; 0    ; 0            ; 0          ; |hdmi_de10|result_img:res_img|lpm_divide:Div0|lpm_divide_fbo:auto_generated                                                ; lpm_divide_fbo  ; work         ;
;             |abs_divider_kbg:divider|    ; 542 (62)            ; 0 (0)                     ; 0           ; 0          ; 0            ; 0       ; 0         ; 0    ; 0            ; 0          ; |hdmi_de10|result_img:res_img|lpm_divide:Div0|lpm_divide_fbo:auto_generated|abs_divider_kbg:divider                        ; abs_divider_kbg ; work         ;
;                |alt_u_div_she:divider|   ; 449 (449)           ; 0 (0)                     ; 0           ; 0          ; 0            ; 0       ; 0         ; 0    ; 0            ; 0          ; |hdmi_de10|result_img:res_img|lpm_divide:Div0|lpm_divide_fbo:auto_generated|abs_divider_kbg:divider|alt_u_div_she:divider  ; alt_u_div_she   ; work         ;
;                |lpm_abs_8b9:my_abs_num|  ; 31 (31)             ; 0 (0)                     ; 0           ; 0          ; 0            ; 0       ; 0         ; 0    ; 0            ; 0          ; |hdmi_de10|result_img:res_img|lpm_divide:Div0|lpm_divide_fbo:auto_generated|abs_divider_kbg:divider|lpm_abs_8b9:my_abs_num ; lpm_abs_8b9     ; work         ;
+------------------------------------------+---------------------+---------------------------+-------------+------------+--------------+---------+-----------+------+--------------+------------+----------------------------------------------------------------------------------------------------------------------------+-----------------+--------------+
Note: For table entries with two numbers listed, the numbers in parentheses indicate the number of resources of the given type used by the specific entity alone. The numbers listed outside of parentheses indicate the total resources of the given type used by the specific entity and all of its sub-entities in the hierarchy.


+---------------------------------------------------------------------------------------+
; Registers Removed During Synthesis                                                    ;
+---------------------------------------------+-----------------------------------------+
; Register name                               ; Reason for Removal                      ;
+---------------------------------------------+-----------------------------------------+
; result_img:res_img|int_res[4..30]           ; Stuck at GND due to stuck port data_in  ;
; result_img:res_img|rgb2[4..7,13..15,20..23] ; Merged with result_img:res_img|rgb2[12] ;
; Total Number of Removed Registers = 38      ;                                         ;
+---------------------------------------------+-----------------------------------------+


+------------------------------------------------------+
; General Register Statistics                          ;
+----------------------------------------------+-------+
; Statistic                                    ; Value ;
+----------------------------------------------+-------+
; Total registers                              ; 50    ;
; Number of registers using Synchronous Clear  ; 20    ;
; Number of registers using Synchronous Load   ; 0     ;
; Number of registers using Asynchronous Clear ; 0     ;
; Number of registers using Asynchronous Load  ; 0     ;
; Number of registers using Clock Enable       ; 15    ;
; Number of registers using Preset             ; 0     ;
+----------------------------------------------+-------+


+--------------------------------------------------+
; Inverted Register Statistics                     ;
+----------------------------------------+---------+
; Inverted Register                      ; Fan out ;
+----------------------------------------+---------+
; result_img:res_img|int_res[31]         ; 72      ;
; result_img:res_img|int_res[0]          ; 5       ;
; Total number of inverted registers = 2 ;         ;
+----------------------------------------+---------+


+--------------------------------------------------------------------------------------------------------------------------------------------------------+
; Multiplexer Restructuring Statistics (Restructuring Performed)                                                                                         ;
+--------------------+-----------+---------------+----------------------+------------------------+------------+------------------------------------------+
; Multiplexer Inputs ; Bus Width ; Baseline Area ; Area if Restructured ; Saving if Restructured ; Registered ; Example Multiplexer Output               ;
+--------------------+-----------+---------------+----------------------+------------------------+------------+------------------------------------------+
; 3:1                ; 10 bits   ; 20 LEs        ; 10 LEs               ; 10 LEs                 ; Yes        ; |hdmi_de10|result_img:res_img|h_count[9] ;
; 4:1                ; 10 bits   ; 20 LEs        ; 10 LEs               ; 10 LEs                 ; Yes        ; |hdmi_de10|result_img:res_img|v_count[9] ;
+--------------------+-----------+---------------+----------------------+------------------------+------------+------------------------------------------+


+-------------------------------------------------------------------------------------+
; Parameter Settings for Inferred Entity Instance: result_img:res_img|lpm_divide:Div0 ;
+------------------------+----------------+-------------------------------------------+
; Parameter Name         ; Value          ; Type                                      ;
+------------------------+----------------+-------------------------------------------+
; LPM_WIDTHN             ; 32             ; Untyped                                   ;
; LPM_WIDTHD             ; 5              ; Untyped                                   ;
; LPM_NREPRESENTATION    ; SIGNED         ; Untyped                                   ;
; LPM_DREPRESENTATION    ; SIGNED         ; Untyped                                   ;
; LPM_PIPELINE           ; 0              ; Untyped                                   ;
; LPM_REMAINDERPOSITIVE  ; FALSE          ; Untyped                                   ;
; MAXIMIZE_SPEED         ; 5              ; Untyped                                   ;
; CBXI_PARAMETER         ; lpm_divide_fbo ; Untyped                                   ;
; CARRY_CHAIN            ; MANUAL         ; Untyped                                   ;
; OPTIMIZE_FOR_SPEED     ; 5              ; Untyped                                   ;
; AUTO_CARRY_CHAINS      ; ON             ; AUTO_CARRY                                ;
; IGNORE_CARRY_BUFFERS   ; OFF            ; IGNORE_CARRY                              ;
; AUTO_CASCADE_CHAINS    ; ON             ; AUTO_CASCADE                              ;
; IGNORE_CASCADE_BUFFERS ; OFF            ; IGNORE_CASCADE                            ;
+------------------------+----------------+-------------------------------------------+
Note: In order to hide this table in the UI and the text report file, please set the "Show Parameter Settings in Synthesis Report" option in "Analysis and Synthesis Settings -> More Settings" to "Off".


+-----------------------------------------------------------------------------------------------------------------------+
; Port Connectivity Checks: "result_img:res_img"                                                                        ;
+-------------+--------+----------+-------------------------------------------------------------------------------------+
; Port        ; Type   ; Severity ; Details                                                                             ;
+-------------+--------+----------+-------------------------------------------------------------------------------------+
; de_out      ; Output ; Info     ; Connected to dangling logic. Logic that only feeds a dangling port will be removed. ;
; r_out[3..0] ; Output ; Info     ; Connected to dangling logic. Logic that only feeds a dangling port will be removed. ;
; g_out[3..0] ; Output ; Info     ; Connected to dangling logic. Logic that only feeds a dangling port will be removed. ;
; b_out[3..0] ; Output ; Info     ; Connected to dangling logic. Logic that only feeds a dangling port will be removed. ;
+-------------+--------+----------+-------------------------------------------------------------------------------------+


+-----------------------------------------------------+
; Post-Synthesis Netlist Statistics for Top Partition ;
+-----------------------+-----------------------------+
; Type                  ; Count                       ;
+-----------------------+-----------------------------+
; boundary_port         ; 22                          ;
; cycloneiii_ff         ; 50                          ;
;     ENA               ; 5                           ;
;     ENA SCLR          ; 10                          ;
;     SCLR              ; 10                          ;
;     plain             ; 25                          ;
; cycloneiii_lcell_comb ; 698                         ;
;     arith             ; 248                         ;
;         1 data inputs ; 1                           ;
;         2 data inputs ; 103                         ;
;         3 data inputs ; 144                         ;
;     normal            ; 450                         ;
;         0 data inputs ; 31                          ;
;         1 data inputs ; 3                           ;
;         2 data inputs ; 204                         ;
;         3 data inputs ; 49                          ;
;         4 data inputs ; 163                         ;
;                       ;                             ;
; Max LUT depth         ; 89.70                       ;
; Average LUT depth     ; 75.29                       ;
+-----------------------+-----------------------------+


+-------------------------------+
; Elapsed Time Per Partition    ;
+----------------+--------------+
; Partition Name ; Elapsed Time ;
+----------------+--------------+
; Top            ; 00:00:00     ;
+----------------+--------------+


+-------------------------------+
; Analysis & Synthesis Messages ;
+-------------------------------+
Info: *******************************************************************
Info: Running Quartus Prime Analysis & Synthesis
    Info: Version 18.1.0 Build 625 09/12/2018 SJ Lite Edition
    Info: Processing started: Thu Sep 23 18:40:55 2021
Info: Command: quartus_map --read_settings_files=on --write_settings_files=off calculette_v3 -c calculette_v3
Warning (18236): Number of processors has not been specified which may cause overloading on shared machines.  Set the global assignment NUM_PARALLEL_PROCESSORS in your QSF to an appropriate value for best performance.
Info (20030): Parallel compilation is enabled and will use 8 of the 8 processors detected
Info (12021): Found 2 design units, including 1 entities, in source file add_4bits.vhd
    Info (12022): Found design unit 1: add4bits-archi_add4bits File: C:/Users/thoma/OneDrive/Documents/VHDL-FPGA/Projet-VHDL/Projet V3/add_4bits.vhd Line: 12
    Info (12023): Found entity 1: add4bits File: C:/Users/thoma/OneDrive/Documents/VHDL-FPGA/Projet-VHDL/Projet V3/add_4bits.vhd Line: 5
Info (12021): Found 2 design units, including 1 entities, in source file multi_4bits.vhd
    Info (12022): Found design unit 1: multi4bits-archi_multi4bits File: C:/Users/thoma/OneDrive/Documents/VHDL-FPGA/Projet-VHDL/Projet V3/multi_4bits.vhd Line: 12
    Info (12023): Found entity 1: multi4bits File: C:/Users/thoma/OneDrive/Documents/VHDL-FPGA/Projet-VHDL/Projet V3/multi_4bits.vhd Line: 5
Info (12021): Found 2 design units, including 1 entities, in source file controladd.vhd
    Info (12022): Found design unit 1: ErorControlAdd-archi_errorAdd File: C:/Users/thoma/OneDrive/Documents/VHDL-FPGA/Projet-VHDL/Projet V3/controlAdd.vhd Line: 9
    Info (12023): Found entity 1: ErorControlAdd File: C:/Users/thoma/OneDrive/Documents/VHDL-FPGA/Projet-VHDL/Projet V3/controlAdd.vhd Line: 4
Info (12021): Found 2 design units, including 1 entities, in source file controlmulti.vhd
    Info (12022): Found design unit 1: ErorControlMulti-archi_errorMulti File: C:/Users/thoma/OneDrive/Documents/VHDL-FPGA/Projet-VHDL/Projet V3/controlMulti.vhd Line: 11
    Info (12023): Found entity 1: ErorControlMulti File: C:/Users/thoma/OneDrive/Documents/VHDL-FPGA/Projet-VHDL/Projet V3/controlMulti.vhd Line: 4
Info (12021): Found 2 design units, including 1 entities, in source file precla.vhd
    Info (12022): Found design unit 1: preCLA-archi_preCLA File: C:/Users/thoma/OneDrive/Documents/VHDL-FPGA/Projet-VHDL/Projet V3/preCLA.vhd Line: 11
    Info (12023): Found entity 1: preCLA File: C:/Users/thoma/OneDrive/Documents/VHDL-FPGA/Projet-VHDL/Projet V3/preCLA.vhd Line: 5
Info (12021): Found 2 design units, including 1 entities, in source file hdmi.vhd
    Info (12022): Found design unit 1: result_img-behavioral File: C:/Users/thoma/OneDrive/Documents/VHDL-FPGA/Projet-VHDL/Projet V3/hdmi.vhd Line: 20
    Info (12023): Found entity 1: result_img File: C:/Users/thoma/OneDrive/Documents/VHDL-FPGA/Projet-VHDL/Projet V3/hdmi.vhd Line: 5
Info (12021): Found 2 design units, including 1 entities, in source file hdmi_de10.vhd
    Info (12022): Found design unit 1: hdmi_de10-archi_hdmi_de10 File: C:/Users/thoma/OneDrive/Documents/VHDL-FPGA/Projet-VHDL/Projet V3/hdmi_de10.vhd Line: 19
    Info (12023): Found entity 1: hdmi_de10 File: C:/Users/thoma/OneDrive/Documents/VHDL-FPGA/Projet-VHDL/Projet V3/hdmi_de10.vhd Line: 6
Info (12127): Elaborating entity "hdmi_de10" for the top level hierarchy
Info (12129): Elaborating entity "result_img" using architecture "A:behavioral" for hierarchy "result_img:res_img" File: C:/Users/thoma/OneDrive/Documents/VHDL-FPGA/Projet-VHDL/Projet V3/hdmi_de10.vhd Line: 45
Info (278001): Inferred 1 megafunctions from design logic
    Info (278004): Inferred divider/modulo megafunction ("lpm_divide") from the following logic: "result_img:res_img|Div0" File: C:/Users/thoma/OneDrive/Documents/VHDL-FPGA/Projet-VHDL/Projet V3/hdmi.vhd Line: 94
Info (12130): Elaborated megafunction instantiation "result_img:res_img|lpm_divide:Div0" File: C:/Users/thoma/OneDrive/Documents/VHDL-FPGA/Projet-VHDL/Projet V3/hdmi.vhd Line: 94
Info (12133): Instantiated megafunction "result_img:res_img|lpm_divide:Div0" with the following parameter: File: C:/Users/thoma/OneDrive/Documents/VHDL-FPGA/Projet-VHDL/Projet V3/hdmi.vhd Line: 94
    Info (12134): Parameter "LPM_WIDTHN" = "32"
    Info (12134): Parameter "LPM_WIDTHD" = "5"
    Info (12134): Parameter "LPM_NREPRESENTATION" = "SIGNED"
    Info (12134): Parameter "LPM_DREPRESENTATION" = "SIGNED"
    Info (12134): Parameter "LPM_HINT" = "LPM_REMAINDERPOSITIVE=FALSE"
Info (12021): Found 1 design units, including 1 entities, in source file db/lpm_divide_fbo.tdf
    Info (12023): Found entity 1: lpm_divide_fbo File: C:/Users/thoma/OneDrive/Documents/VHDL-FPGA/Projet-VHDL/Projet V3/db/lpm_divide_fbo.tdf Line: 24
Info (12021): Found 1 design units, including 1 entities, in source file db/abs_divider_kbg.tdf
    Info (12023): Found entity 1: abs_divider_kbg File: C:/Users/thoma/OneDrive/Documents/VHDL-FPGA/Projet-VHDL/Projet V3/db/abs_divider_kbg.tdf Line: 28
Info (12021): Found 1 design units, including 1 entities, in source file db/alt_u_div_she.tdf
    Info (12023): Found entity 1: alt_u_div_she File: C:/Users/thoma/OneDrive/Documents/VHDL-FPGA/Projet-VHDL/Projet V3/db/alt_u_div_she.tdf Line: 26
Info (12021): Found 1 design units, including 1 entities, in source file db/add_sub_t3c.tdf
    Info (12023): Found entity 1: add_sub_t3c File: C:/Users/thoma/OneDrive/Documents/VHDL-FPGA/Projet-VHDL/Projet V3/db/add_sub_t3c.tdf Line: 22
Info (12021): Found 1 design units, including 1 entities, in source file db/add_sub_u3c.tdf
    Info (12023): Found entity 1: add_sub_u3c File: C:/Users/thoma/OneDrive/Documents/VHDL-FPGA/Projet-VHDL/Projet V3/db/add_sub_u3c.tdf Line: 22
Info (12021): Found 1 design units, including 1 entities, in source file db/lpm_abs_o99.tdf
    Info (12023): Found entity 1: lpm_abs_o99 File: C:/Users/thoma/OneDrive/Documents/VHDL-FPGA/Projet-VHDL/Projet V3/db/lpm_abs_o99.tdf Line: 24
Info (12021): Found 1 design units, including 1 entities, in source file db/lpm_abs_8b9.tdf
    Info (12023): Found entity 1: lpm_abs_8b9 File: C:/Users/thoma/OneDrive/Documents/VHDL-FPGA/Projet-VHDL/Projet V3/db/lpm_abs_8b9.tdf Line: 24
Info (13014): Ignored 4 buffer(s)
    Info (13016): Ignored 4 CARRY_SUM buffer(s)
Info (286030): Timing-Driven Synthesis is running
Info (16010): Generating hard_block partition "hard_block:auto_generated_inst"
    Info (16011): Adding 0 node(s), including 0 DDIO, 0 PLL, 0 transceiver and 0 LCELL
Warning (21074): Design contains 1 input pin(s) that do not drive logic
    Warning (15610): No output dependent on input pin "mode" File: C:/Users/thoma/OneDrive/Documents/VHDL-FPGA/Projet-VHDL/Projet V3/hdmi_de10.vhd Line: 9
Info (21057): Implemented 741 device resources after synthesis - the final resource count might be different
    Info (21058): Implemented 8 input pins
    Info (21059): Implemented 14 output pins
    Info (21061): Implemented 719 logic cells
Info: Quartus Prime Analysis & Synthesis was successful. 0 errors, 3 warnings
    Info: Peak virtual memory: 4835 megabytes
    Info: Processing ended: Thu Sep 23 18:41:03 2021
    Info: Elapsed time: 00:00:08
    Info: Total CPU time (on all processors): 00:00:17


